1a5fcc13-00a5-4027-a06c-1c252d1c40c0 ['Châu Lười Makeup', 'Trag Chany', 'Tuấn Anh', 'Ánh Tuyết', 'Hà Đỗ', 'Việt Nâu', 'Thien Ai', 'Dr Hiếu Aesthetic']
6dd03ba1-1fec-4913-bb4b-4ae963fa2f2c ['Hồng Beauty', 'Vân Anh ShiBi', 'Trag Chany', 'Doctor Anne', 'Trần Thị Hồng Ngọc', 'apriljulyyy', 'Yến Lê', 'Hùng Trần']
